------------------------------------------------------------
TimeQuest Timing Analyzer Summary
------------------------------------------------------------

Type  : Slow 1200mV 85C Model Setup 'CLOCK_50'
Slack : -2.625
TNS   : -32.890

Type  : Slow 1200mV 85C Model Setup 'Telemetre:Tel|FreqDividerTL:Diviseur|clkOut'
Slack : -1.839
TNS   : -14.060

Type  : Slow 1200mV 85C Model Setup 'GPIO[0]'
Slack : -1.804
TNS   : -13.657

Type  : Slow 1200mV 85C Model Hold 'Telemetre:Tel|FreqDividerTL:Diviseur|clkOut'
Slack : -0.077
TNS   : -0.110

Type  : Slow 1200mV 85C Model Hold 'CLOCK_50'
Slack : 0.556
TNS   : 0.000

Type  : Slow 1200mV 85C Model Hold 'GPIO[0]'
Slack : 1.914
TNS   : 0.000

Type  : Slow 1200mV 85C Model Minimum Pulse Width 'CLOCK_50'
Slack : -3.000
TNS   : -20.990

Type  : Slow 1200mV 85C Model Minimum Pulse Width 'GPIO[0]'
Slack : -3.000
TNS   : -13.280

Type  : Slow 1200mV 85C Model Minimum Pulse Width 'Telemetre:Tel|FreqDividerTL:Diviseur|clkOut'
Slack : -1.285
TNS   : -11.565

Type  : Slow 1200mV 0C Model Setup 'CLOCK_50'
Slack : -2.317
TNS   : -28.971

Type  : Slow 1200mV 0C Model Setup 'Telemetre:Tel|FreqDividerTL:Diviseur|clkOut'
Slack : -1.567
TNS   : -11.844

Type  : Slow 1200mV 0C Model Setup 'GPIO[0]'
Slack : -1.460
TNS   : -10.999

Type  : Slow 1200mV 0C Model Hold 'Telemetre:Tel|FreqDividerTL:Diviseur|clkOut'
Slack : -0.010
TNS   : -0.010

Type  : Slow 1200mV 0C Model Hold 'CLOCK_50'
Slack : 0.516
TNS   : 0.000

Type  : Slow 1200mV 0C Model Hold 'GPIO[0]'
Slack : 1.657
TNS   : 0.000

Type  : Slow 1200mV 0C Model Minimum Pulse Width 'CLOCK_50'
Slack : -3.000
TNS   : -20.990

Type  : Slow 1200mV 0C Model Minimum Pulse Width 'GPIO[0]'
Slack : -3.000
TNS   : -13.280

Type  : Slow 1200mV 0C Model Minimum Pulse Width 'Telemetre:Tel|FreqDividerTL:Diviseur|clkOut'
Slack : -1.285
TNS   : -11.565

Type  : Fast 1200mV 0C Model Setup 'CLOCK_50'
Slack : -0.704
TNS   : -7.919

Type  : Fast 1200mV 0C Model Setup 'Telemetre:Tel|FreqDividerTL:Diviseur|clkOut'
Slack : -0.367
TNS   : -2.664

Type  : Fast 1200mV 0C Model Setup 'GPIO[0]'
Slack : -0.174
TNS   : -1.007

Type  : Fast 1200mV 0C Model Hold 'Telemetre:Tel|FreqDividerTL:Diviseur|clkOut'
Slack : -0.020
TNS   : -0.020

Type  : Fast 1200mV 0C Model Hold 'CLOCK_50'
Slack : 0.227
TNS   : 0.000

Type  : Fast 1200mV 0C Model Hold 'GPIO[0]'
Slack : 0.695
TNS   : 0.000

Type  : Fast 1200mV 0C Model Minimum Pulse Width 'CLOCK_50'
Slack : -3.000
TNS   : -22.058

Type  : Fast 1200mV 0C Model Minimum Pulse Width 'GPIO[0]'
Slack : -3.000
TNS   : -14.679

Type  : Fast 1200mV 0C Model Minimum Pulse Width 'Telemetre:Tel|FreqDividerTL:Diviseur|clkOut'
Slack : -1.000
TNS   : -9.000

------------------------------------------------------------
