------------------------------------------------------------
TimeQuest Timing Analyzer Summary
------------------------------------------------------------

Type  : Slow 1200mV 85C Model Setup 'CLOCK_50'
Slack : -2.329
TNS   : -29.885

Type  : Slow 1200mV 85C Model Setup 'Telemetre:Tel|FreqDividerTL:Diviseur|clkOut'
Slack : -1.793
TNS   : -14.304

Type  : Slow 1200mV 85C Model Setup 'GPIO[0]'
Slack : 0.193
TNS   : 0.000

Type  : Slow 1200mV 85C Model Hold 'GPIO[0]'
Slack : -0.196
TNS   : -0.247

Type  : Slow 1200mV 85C Model Hold 'Telemetre:Tel|FreqDividerTL:Diviseur|clkOut'
Slack : 0.344
TNS   : 0.000

Type  : Slow 1200mV 85C Model Hold 'CLOCK_50'
Slack : 0.432
TNS   : 0.000

Type  : Slow 1200mV 85C Model Minimum Pulse Width 'CLOCK_50'
Slack : -3.000
TNS   : -20.990

Type  : Slow 1200mV 85C Model Minimum Pulse Width 'GPIO[0]'
Slack : -3.000
TNS   : -13.882

Type  : Slow 1200mV 85C Model Minimum Pulse Width 'Telemetre:Tel|FreqDividerTL:Diviseur|clkOut'
Slack : -1.285
TNS   : -11.565

Type  : Slow 1200mV 0C Model Setup 'CLOCK_50'
Slack : -2.041
TNS   : -26.150

Type  : Slow 1200mV 0C Model Setup 'Telemetre:Tel|FreqDividerTL:Diviseur|clkOut'
Slack : -1.507
TNS   : -12.059

Type  : Slow 1200mV 0C Model Setup 'GPIO[0]'
Slack : 0.300
TNS   : 0.000

Type  : Slow 1200mV 0C Model Hold 'GPIO[0]'
Slack : -0.201
TNS   : -0.342

Type  : Slow 1200mV 0C Model Hold 'Telemetre:Tel|FreqDividerTL:Diviseur|clkOut'
Slack : 0.352
TNS   : 0.000

Type  : Slow 1200mV 0C Model Hold 'CLOCK_50'
Slack : 0.392
TNS   : 0.000

Type  : Slow 1200mV 0C Model Minimum Pulse Width 'CLOCK_50'
Slack : -3.000
TNS   : -20.990

Type  : Slow 1200mV 0C Model Minimum Pulse Width 'GPIO[0]'
Slack : -3.000
TNS   : -13.280

Type  : Slow 1200mV 0C Model Minimum Pulse Width 'Telemetre:Tel|FreqDividerTL:Diviseur|clkOut'
Slack : -1.285
TNS   : -11.565

Type  : Fast 1200mV 0C Model Setup 'CLOCK_50'
Slack : -0.574
TNS   : -6.652

Type  : Fast 1200mV 0C Model Setup 'Telemetre:Tel|FreqDividerTL:Diviseur|clkOut'
Slack : -0.355
TNS   : -2.796

Type  : Fast 1200mV 0C Model Setup 'GPIO[0]'
Slack : 0.968
TNS   : 0.000

Type  : Fast 1200mV 0C Model Hold 'GPIO[0]'
Slack : -0.560
TNS   : -3.709

Type  : Fast 1200mV 0C Model Hold 'CLOCK_50'
Slack : 0.192
TNS   : 0.000

Type  : Fast 1200mV 0C Model Hold 'Telemetre:Tel|FreqDividerTL:Diviseur|clkOut'
Slack : 0.284
TNS   : 0.000

Type  : Fast 1200mV 0C Model Minimum Pulse Width 'CLOCK_50'
Slack : -3.000
TNS   : -21.916

Type  : Fast 1200mV 0C Model Minimum Pulse Width 'GPIO[0]'
Slack : -3.000
TNS   : -16.675

Type  : Fast 1200mV 0C Model Minimum Pulse Width 'Telemetre:Tel|FreqDividerTL:Diviseur|clkOut'
Slack : -1.000
TNS   : -9.000

------------------------------------------------------------
